[    0.000000] Initializing cgroup subsys cpuset
[    0.000000] Initializing cgroup subsys cpu
[    0.000000] Initializing cgroup subsys cpuacct
[    0.000000] Linux version 4.4.0-154-generic (buildd@lgw01-amd64-049) (gcc version 5.4.0 20160609 (Ubuntu 5.4.0-6ubuntu1~16.04.10) ) #181-Ubuntu SMP Tue Jun 25 05:29:03 UTC 2019 (Ubuntu 4.4.0-154.181-generic 4.4.179)
[    0.000000] Command line: BOOT_IMAGE=/boot/vmlinuz-4.4.0-154-generic root=UUID=1bbe14b0-e1b4-4636-83ed-ba0fa2a5acca ro console=tty1 console=ttyS0
[    0.000000] KERNEL supported cpus:
[    0.000000]   Intel GenuineIntel
[    0.000000]   AMD AuthenticAMD
[    0.000000]   Centaur CentaurHauls
[    0.000000] x86/fpu: xstate_offset[2]:  576, xstate_sizes[2]:  256
[    0.000000] x86/fpu: Supporting XSAVE feature 0x01: 'x87 floating point registers'
[    0.000000] x86/fpu: Supporting XSAVE feature 0x02: 'SSE registers'
[    0.000000] x86/fpu: Supporting XSAVE feature 0x04: 'AVX registers'
[    0.000000] x86/fpu: Enabled xstate features 0x7, context size is 832 bytes, using 'standard' format.
[    0.000000] e820: BIOS-provided physical RAM map:
[    0.000000] BIOS-e820: [mem 0x0000000000000000-0x000000000009fbff] usable
[    0.000000] BIOS-e820: [mem 0x000000000009fc00-0x000000000009ffff] reserved
[    0.000000] BIOS-e820: [mem 0x00000000000f0000-0x00000000000fffff] reserved
[    0.000000] BIOS-e820: [mem 0x0000000000100000-0x000000003ffeffff] usable
[    0.000000] BIOS-e820: [mem 0x000000003fff0000-0x000000003fffffff] ACPI data
[    0.000000] BIOS-e820: [mem 0x00000000fec00000-0x00000000fec00fff] reserved
[    0.000000] BIOS-e820: [mem 0x00000000fee00000-0x00000000fee00fff] reserved
[    0.000000] BIOS-e820: [mem 0x00000000fffc0000-0x00000000ffffffff] reserved
[    0.000000] NX (Execute Disable) protection: active
[    0.000000] SMBIOS 2.5 present.
[    0.000000] Hypervisor detected: KVM
[    0.000000] e820: last_pfn = 0x3fff0 max_arch_pfn = 0x400000000
[    0.000000] MTRR: Disabled
[    0.000000] x86/PAT: MTRRs disabled, skipping PAT initialization too.
[    0.000000] CPU MTRRs all blank - virtualized system.
[    0.000000] x86/PAT: Configuration [0-7]: WB  WT  UC- UC  WB  WT  UC- UC  
[    0.000000] found SMP MP-table at [mem 0x0009fff0-0x0009ffff] mapped at [ffff88000009fff0]
[    0.000000] Scanning 1 areas for low memory corruption
[    0.000000] RAMDISK: [mem 0x361eb000-0x370ecfff]
[    0.000000] ACPI: Early table checksum verification disabled
[    0.000000] ACPI: RSDP 0x00000000000E0000 000024 (v02 VBOX  )
[    0.000000] ACPI: XSDT 0x000000003FFF0030 00003C (v01 VBOX   VBOXXSDT 00000001 ASL  00000061)
[    0.000000] ACPI: FACP 0x000000003FFF00F0 0000F4 (v04 VBOX   VBOXFACP 00000001 ASL  00000061)
[    0.000000] ACPI: DSDT 0x000000003FFF0470 0022EA (v02 VBOX   VBOXBIOS 00000002 INTL 20100528)
[    0.000000] ACPI: FACS 0x000000003FFF0200 000040
[    0.000000] ACPI: FACS 0x000000003FFF0200 000040
[    0.000000] ACPI: APIC 0x000000003FFF0240 00005C (v02 VBOX   VBOXAPIC 00000001 ASL  00000061)
[    0.000000] ACPI: SSDT 0x000000003FFF02A0 0001CC (v01 VBOX   VBOXCPUT 00000002 INTL 20100528)
[    0.000000] No NUMA configuration found
[    0.000000] Faking a node at [mem 0x0000000000000000-0x000000003ffeffff]
[    0.000000] NODE_DATA(0) allocated [mem 0x3ffeb000-0x3ffeffff]
[    0.000000] kvm-clock: Using msrs 4b564d01 and 4b564d00
[    0.000000] kvm-clock: cpu 0, msr 0:3ffe3001, primary cpu clock
[    0.000000] kvm-clock: using sched offset of 5278125384 cycles
[    0.000000] clocksource: kvm-clock: mask: 0xffffffffffffffff max_cycles: 0x1cd42e4dffb, max_idle_ns: 881590591483 ns
[    0.000000] Zone ranges:
[    0.000000]   DMA      [mem 0x0000000000001000-0x0000000000ffffff]
[    0.000000]   DMA32    [mem 0x0000000001000000-0x000000003ffeffff]
[    0.000000]   Normal   empty
[    0.000000]   Device   empty
[    0.000000] Movable zone start for each node
[    0.000000] Early memory node ranges
[    0.000000]   node   0: [mem 0x0000000000001000-0x000000000009efff]
[    0.000000]   node   0: [mem 0x0000000000100000-0x000000003ffeffff]
[    0.000000] Initmem setup node 0 [mem 0x0000000000001000-0x000000003ffeffff]
[    0.000000] ACPI: PM-Timer IO Port: 0x4008
[    0.000000] IOAPIC[0]: apic_id 2, version 32, address 0xfec00000, GSI 0-23
[    0.000000] ACPI: INT_SRC_OVR (bus 0 bus_irq 0 global_irq 2 dfl dfl)
[    0.000000] ACPI: INT_SRC_OVR (bus 0 bus_irq 9 global_irq 9 low level)
[    0.000000] Using ACPI (MADT) for SMP configuration information
[    0.000000] smpboot: Allowing 2 CPUs, 0 hotplug CPUs
[    0.000000] PM: Registered nosave memory: [mem 0x00000000-0x00000fff]
[    0.000000] PM: Registered nosave memory: [mem 0x0009f000-0x0009ffff]
[    0.000000] PM: Registered nosave memory: [mem 0x000a0000-0x000effff]
[    0.000000] PM: Registered nosave memory: [mem 0x000f0000-0x000fffff]
[    0.000000] e820: [mem 0x40000000-0xfebfffff] available for PCI devices
[    0.000000] Booting paravirtualized kernel on KVM
[    0.000000] clocksource: refined-jiffies: mask: 0xffffffff max_cycles: 0xffffffff, max_idle_ns: 7645519600211568 ns
[    0.000000] setup_percpu: NR_CPUS:512 nr_cpumask_bits:512 nr_cpu_ids:2 nr_node_ids:1
[    0.000000] PERCPU: Embedded 34 pages/cpu @ffff88003fc00000 s99480 r8192 d31592 u1048576
[    0.000000] Built 1 zonelists in Node order, mobility grouping on.  Total pages: 257912
[    0.000000] Policy zone: DMA32
[    0.000000] Kernel command line: BOOT_IMAGE=/boot/vmlinuz-4.4.0-154-generic root=UUID=1bbe14b0-e1b4-4636-83ed-ba0fa2a5acca ro console=tty1 console=ttyS0
[    0.000000] PID hash table entries: 4096 (order: 3, 32768 bytes)
[    0.000000] Memory: 997192K/1048120K available (8613K kernel code, 1335K rwdata, 4028K rodata, 1484K init, 1284K bss, 50928K reserved, 0K cma-reserved)
[    0.000000] SLUB: HWalign=64, Order=0-3, MinObjects=0, CPUs=2, Nodes=1
[    0.000000] Kernel/User page tables isolation: enabled
[    0.000000] Hierarchical RCU implementation.
[    0.000000] 	Build-time adjustment of leaf fanout to 64.
[    0.000000] 	RCU restricting CPUs from NR_CPUS=512 to nr_cpu_ids=2.
[    0.000000] RCU: Adjusting geometry for rcu_fanout_leaf=64, nr_cpu_ids=2
[    0.000000] NR_IRQS:33024 nr_irqs:440 16
[    0.000000] Console: colour VGA+ 80x25
[    0.000000] console [tty1] enabled
[    0.000000] console [ttyS0] enabled
[    0.000000] tsc: Detected 2304.000 MHz processor
[    0.230661] Calibrating delay loop (skipped) preset value.. 4608.00 BogoMIPS (lpj=9216000)
[    0.233404] pid_max: default: 32768 minimum: 301
[    0.234926] ACPI: Core revision 20150930
[    0.238963] ACPI: 2 ACPI AML tables successfully acquired and loaded
[    0.241004] Security Framework initialized
[    0.242386] Yama: becoming mindful.
[    0.243619] AppArmor: AppArmor initialized
[    0.245086] Dentry cache hash table entries: 131072 (order: 8, 1048576 bytes)
[    0.247969] Inode-cache hash table entries: 65536 (order: 7, 524288 bytes)
[    0.249996] Mount-cache hash table entries: 2048 (order: 2, 16384 bytes)
[    0.251982] Mountpoint-cache hash table entries: 2048 (order: 2, 16384 bytes)
[    0.254195] Initializing cgroup subsys io
[    0.255534] Initializing cgroup subsys memory
[    0.256960] Initializing cgroup subsys devices
[    0.258437] Initializing cgroup subsys freezer
[    0.259896] Initializing cgroup subsys net_cls
[    0.261379] Initializing cgroup subsys perf_event
[    0.262862] Initializing cgroup subsys net_prio
[    0.264307] Initializing cgroup subsys hugetlb
[    0.265735] Initializing cgroup subsys pids
[    0.268563] mce: CPU supports 0 MCE banks
[    0.270003] Last level iTLB entries: 4KB 64, 2MB 8, 4MB 8
[    0.271643] Last level dTLB entries: 4KB 64, 2MB 0, 4MB 0, 1GB 4
[    0.273404] Spectre V2 : Mitigation: Full generic retpoline
[    0.275116] Spectre V2 : Spectre v2 / SpectreRSB mitigation: Filling RSB on context switch
[    0.277781] Speculative Store Bypass: Vulnerable
[    0.279391] MDS: Vulnerable: Clear CPU buffers attempted, no microcode
[    0.285928] Freeing SMP alternatives memory: 36K
[    0.296515] ftrace: allocating 32299 entries in 127 pages
[    0.390218] smpboot: APIC(0) Converting physical 0 to logical package 0
[    0.392249] smpboot: Max logical packages: 1
[    0.394236] x2apic enabled
[    0.395775] Switched APIC routing to physical x2apic.
[    0.399440] ..TIMER: vector=0x30 apic1=0 pin1=2 apic2=-1 pin2=-1
[    0.506188] smpboot: CPU0: Intel(R) Core(TM) i5-8300H CPU @ 2.30GHz (family: 0x6, model: 0x9e, stepping: 0xa)
[    0.509855] Performance Events: unsupported p6 CPU model 158 no PMU driver, software events only.
[    0.526429] KVM setup paravirtual spinlock
[    0.528999] x86: Booting SMP configuration:
[    0.530508] .... node  #0, CPUs:      #1
[    0.531959] kvm-clock: cpu 1, msr 0:3ffe3041, secondary cpu clock
[    0.534547] mce: CPU supports 0 MCE banks
[    0.537329] x86: Booted up 1 node, 2 CPUs
[    0.539177] smpboot: Total of 2 processors activated (9216.00 BogoMIPS)
[    0.541944] devtmpfs: initialized
[    0.545411] evm: security.selinux
[    0.546759] evm: security.SMACK64
[    0.548010] evm: security.SMACK64EXEC
[    0.549332] evm: security.SMACK64TRANSMUTE
[    0.550779] evm: security.SMACK64MMAP
[    0.552103] evm: security.ima
[    0.553256] evm: security.capability
[    0.554882] clocksource: jiffies: mask: 0xffffffff max_cycles: 0xffffffff, max_idle_ns: 7645041785100000 ns
[    0.558037] futex hash table entries: 512 (order: 3, 32768 bytes)
[    0.560162] pinctrl core: initialized pinctrl subsystem
[    0.562108] RTC time: 19:14:18, date: 07/30/19
[    0.563877] NET: Registered protocol family 16
[    0.575819] cpuidle: using governor ladder
[    0.588597] cpuidle: using governor menu
[    0.590090] PCCT header not found.
[    0.591528] ACPI: bus type PCI registered
[    0.592938] acpiphp: ACPI Hot Plug PCI Controller Driver version: 0.5
[    0.595050] PCI: Using configuration type 1 for base access
[    0.614188] ACPI: Added _OSI(Module Device)
[    0.615669] ACPI: Added _OSI(Processor Device)
[    0.617214] ACPI: Added _OSI(3.0 _SCP Extensions)
[    0.618879] ACPI: Added _OSI(Processor Aggregator Device)
[    0.621581] ACPI: Executed 1 blocks of module-level executable AML code
[    0.627099] ACPI: Interpreter enabled
[    0.628432] ACPI: (supports S0 S5)
[    0.629695] ACPI: Using IOAPIC for interrupt routing
[    0.631591] PCI: Using host bridge windows from ACPI; if necessary, use "pci=nocrs" and report a bug
[    0.640039] ACPI: PCI Root Bridge [PCI0] (domain 0000 [bus 00-ff])
[    0.642006] acpi PNP0A03:00: _OSC: OS supports [ASPM ClockPM Segments MSI]
[    0.644576] acpi PNP0A03:00: _OSC: not requesting OS control; OS requires [ExtendedConfig ASPM ClockPM MSI]
[    0.647867] acpi PNP0A03:00: fail to add MMCONFIG information, can't access extended PCI configuration space under this bridge.
[    0.651867] PCI host bridge to bus 0000:00
[    0.653287] pci_bus 0000:00: root bus resource [io  0x0000-0x0cf7 window]
[    0.655370] pci_bus 0000:00: root bus resource [io  0x0d00-0xffff window]
[    0.657457] pci_bus 0000:00: root bus resource [mem 0x000a0000-0x000bffff window]
[    0.660110] pci_bus 0000:00: root bus resource [mem 0x40000000-0xfdffffff window]
[    0.662863] pci_bus 0000:00: root bus resource [bus 00-ff]
[    0.667179] pci 0000:00:01.1: legacy IDE quirk: reg 0x10: [io  0x01f0-0x01f7]
[    0.669319] pci 0000:00:01.1: legacy IDE quirk: reg 0x14: [io  0x03f6]
[    0.671334] pci 0000:00:01.1: legacy IDE quirk: reg 0x18: [io  0x0170-0x0177]
[    0.673466] pci 0000:00:01.1: legacy IDE quirk: reg 0x1c: [io  0x0376]
[    0.692125] pci 0000:00:07.0: quirk: [io  0x4000-0x403f] claimed by PIIX4 ACPI
[    0.713911] pci 0000:00:07.0: quirk: [io  0x4100-0x410f] claimed by PIIX4 SMB
[    0.722523] ACPI: PCI Interrupt Link [LNKA] (IRQs 5 9 10 *11)
[    0.725599] ACPI: PCI Interrupt Link [LNKB] (IRQs 5 9 *10 11)
[    0.728249] ACPI: PCI Interrupt Link [LNKC] (IRQs 5 *9 10 11)
[    0.730986] ACPI: PCI Interrupt Link [LNKD] (IRQs 5 9 10 *11)
[    0.733667] ACPI: Enabled 2 GPEs in block 00 to 07
[    0.735761] vgaarb: setting as boot device: PCI:0000:00:02.0
[    0.737537] vgaarb: device added: PCI:0000:00:02.0,decodes=io+mem,owns=io+mem,locks=none
[    0.740339] vgaarb: loaded
[    0.741430] vgaarb: bridge control possible 0000:00:02.0
[    0.743459] SCSI subsystem initialized
[    0.744948] ACPI: bus type USB registered
[    0.746451] usbcore: registered new interface driver usbfs
[    0.748228] usbcore: registered new interface driver hub
[    0.750083] usbcore: registered new device driver usb
[    0.752049] PCI: Using ACPI for IRQ routing
[    0.753907] NetLabel: Initializing
[    0.755251] NetLabel:  domain hash size = 128
[    0.756729] NetLabel:  protocols = UNLABELED CIPSOv4
[    0.759107] NetLabel:  unlabeled traffic allowed by default
[    0.761167] amd_nb: Cannot enumerate AMD northbridges
[    0.762983] clocksource: Switched to clocksource kvm-clock
[    0.773180] AppArmor: AppArmor Filesystem Enabled
[    0.774913] pnp: PnP ACPI init
[    0.777347] pnp: PnP ACPI: found 3 devices
[    0.789896] clocksource: acpi_pm: mask: 0xffffff max_cycles: 0xffffff, max_idle_ns: 2085701024 ns
[    0.792943] NET: Registered protocol family 2
[    0.794616] TCP established hash table entries: 8192 (order: 4, 65536 bytes)
[    0.796867] TCP bind hash table entries: 8192 (order: 5, 131072 bytes)
[    0.798905] TCP: Hash tables configured (established 8192 bind 8192)
[    0.800886] UDP hash table entries: 512 (order: 2, 16384 bytes)
[    0.802741] UDP-Lite hash table entries: 512 (order: 2, 16384 bytes)
[    0.804775] NET: Registered protocol family 1
[    0.806264] pci 0000:00:00.0: Limiting direct PCI/PCI transfers
[    0.808164] pci 0000:00:01.0: Activating ISA DMA hang workarounds
[    0.810209] Unpacking initramfs...
[    1.085087] Freeing initrd memory: 15368K
[    1.086698] clocksource: tsc: mask: 0xffffffffffffffff max_cycles: 0x2135f7c97c8, max_idle_ns: 440795273205 ns
[    1.090015] platform rtc_cmos: registered platform RTC device (no PNP device found)
[    1.092846] Scanning for low memory corruption every 60 seconds
[    1.095152] audit: initializing netlink subsys (disabled)
[    1.096995] audit: type=2000 audit(1564514066.111:1): initialized
[    1.099223] Initialise system trusted keyring
[    1.101070] HugeTLB registered 2 MB page size, pre-allocated 0 pages
[    1.104897] zbud: loaded
[    1.106628] VFS: Disk quotas dquot_6.6.0
[    1.108141] VFS: Dquot-cache hash table entries: 512 (order 0, 4096 bytes)
[    1.110545] squashfs: version 4.0 (2009/01/31) Phillip Lougher
[    1.112873] fuse init (API version 7.23)
[    1.114435] Key type big_key registered
[    1.115916] Allocating IMA MOK and blacklist keyrings.
[    1.120039] Key type asymmetric registered
[    1.121506] Asymmetric key parser 'x509' registered
[    1.123227] Block layer SCSI generic (bsg) driver version 0.4 loaded (major 249)
[    1.126002] io scheduler noop registered
[    1.127409] io scheduler deadline registered (default)
[    1.129167] io scheduler cfq registered
[    1.130703] pci_hotplug: PCI Hot Plug PCI Core version: 0.5
[    1.132584] pciehp: PCI Express Hot Plug Controller Driver version: 0.4
[    1.134808] ACPI: AC Adapter [AC] (on-line)
[    1.136372] input: Power Button as /devices/LNXSYSTM:00/LNXPWRBN:00/input/input0
[    1.138968] ACPI: Power Button [PWRF]
[    1.140408] input: Sleep Button as /devices/LNXSYSTM:00/LNXSLPBN:00/input/input1
[    1.143052] ACPI: Sleep Button [SLPF]
[    1.144816] GHES: HEST is not enabled!
[    1.147209] ACPI: Battery Slot [BAT0] (battery present)
[    1.148940] Serial: 8250/16550 driver, 32 ports, IRQ sharing enabled
	
 !"#$%&'()*+,-./0123456789:;<=>?@ABCDEFGHIJKLMNOPQRSTUVWXYZ[\]^_`abcdefghijklmnopqrstuvwxyz{|}~ÄÅÇÉÑÖÜáàâäãåçéèêëíìîïñóòôöõúùûü†°¢£§•¶ß®©™´¨≠ÆØ∞±≤≥¥µ∂∑∏π∫ªºΩæø¿¡¬√ƒ≈∆«»… ÀÃÕŒœ–—“”‘’÷◊ÿŸ⁄€‹›ﬁﬂ‡·‚„‰ÂÊÁËÈÍÎÏÌÓÔÒÚÛÙıˆ˜¯˘˙˚¸˝˛ˇ[    1.174048] 00:02: ttyS0 at I/O 0x3f8 (irq = 4, base_baud = 115200) is a 16550A
[    1.181038] Linux agpgart interface v0.103
[    1.185784] loop: module loaded
[    1.187827] scsi host0: ata_piix
[    1.189241] scsi host1: ata_piix
[    1.190515] ata1: PATA max UDMA/33 cmd 0x1f0 ctl 0x3f6 bmdma 0xd000 irq 14
[    1.192672] ata2: PATA max UDMA/33 cmd 0x170 ctl 0x376 bmdma 0xd008 irq 15
[    1.194878] libphy: Fixed MDIO Bus: probed
[    1.196432] tun: Universal TUN/TAP device driver, 1.6
[    1.198079] tun: (C) 1999-2004 Max Krasnyansky <maxk@qualcomm.com>
[    1.200185] PPP generic driver version 2.4.2
[    1.201778] ehci_hcd: USB 2.0 'Enhanced' Host Controller (EHCI) Driver
[    1.203807] ehci-pci: EHCI PCI platform driver
[    1.205412] ehci-platform: EHCI generic platform driver
[    1.207104] ohci_hcd: USB 1.1 'Open' Host Controller (OHCI) Driver
[    1.209039] ohci-pci: OHCI PCI platform driver
[    1.210553] ohci-platform: OHCI generic platform driver
[    1.212358] uhci_hcd: USB Universal Host Controller Interface driver
[    1.214447] i8042: PNP: PS/2 Controller [PNP0303:PS2K,PNP0f03:PS2M] at 0x60,0x64 irq 1,12
[    1.217869] serio: i8042 KBD port at 0x60,0x64 irq 1
[    1.219503] serio: i8042 AUX port at 0x60,0x64 irq 12
[    1.221444] mousedev: PS/2 mouse device common for all mice
[    1.224079] input: AT Translated Set 2 keyboard as /devices/platform/i8042/serio0/input/input2
[    1.227027] rtc_cmos rtc_cmos: rtc core: registered rtc_cmos as rtc0
[    1.229248] rtc_cmos rtc_cmos: alarms up to one day, 114 bytes nvram
[    1.231242] i2c /dev entries driver
[    1.232622] device-mapper: uevent: version 1.0.3
[    1.234330] device-mapper: ioctl: 4.34.0-ioctl (2015-10-28) initialised: dm-devel@redhat.com
[    1.237304] ledtrig-cpu: registered to indicate activity on CPUs
[    1.239948] NET: Registered protocol family 10
[    1.241848] NET: Registered protocol family 17
[    1.243399] Key type dns_resolver registered
[    1.245812] registered taskstats version 1
[    1.247291] Loading compiled-in X.509 certificates
[    1.249650] Loaded X.509 cert 'Build time autogenerated kernel key: 65139e04a67245b562a838c28b5e7032abdd4348'
[    1.252848] zswap: loaded using pool lzo/zbud
[    1.257334] Key type trusted registered
[    1.264384] Key type encrypted registered
[    1.265842] AppArmor: AppArmor sha1 policy hashing enabled
[    1.267729] ima: No TPM chip found, activating TPM-bypass!
[    1.269515] ima: Allocated hash algorithm: sha1
[    1.271099] evm: HMAC attrs: 0x1
[    1.272795]   Magic number: 11:445:244
[    1.274337] rtc_cmos rtc_cmos: setting system clock to 2019-07-30 19:14:19 UTC (1564514059)
[    1.277466] BIOS EDD facility v0.16 2004-Jun-25, 0 devices found
[    1.279331] EDD information not available.
[    1.714352] Freeing unused kernel memory: 1484K
[    1.715912] Write protecting the kernel read-only data: 14336k
[    1.718333] Freeing unused kernel memory: 1616K
[    1.720211] Freeing unused kernel memory: 68K
Loading, please wait...
starting version 229
[    1.739628] random: systemd-udevd: uninitialized urandom read (16 bytes read, 3 bits of entropy available)
[    1.740288] random: udevadm: uninitialized urandom read (16 bytes read, 3 bits of entropy available)
[    1.740312] random: udevadm: uninitialized urandom read (16 bytes read, 3 bits of entropy available)
[    1.749090] random: systemd-udevd: uninitialized urandom read (16 bytes read, 3 bits of entropy available)
[    1.751422] random: udevadm: uninitialized urandom read (16 bytes read, 3 bits of entropy available)
[    1.751473] random: udevadm: uninitialized urandom read (16 bytes read, 3 bits of entropy available)
[    1.751713] random: udevadm: uninitialized urandom read (16 bytes read, 3 bits of entropy available)
[    1.751782] random: udevadm: uninitialized urandom read (16 bytes read, 3 bits of entropy available)
[    1.751847] random: udevadm: uninitialized urandom read (16 bytes read, 3 bits of entropy available)
[    1.751942] random: udevadm: uninitialized urandom read (16 bytes read, 3 bits of entropy available)
[    1.814869] Fusion MPT base driver 3.04.20
[    1.816392] Copyright (c) 1999-2008 LSI Corporation
[    1.822721] e1000: Intel(R) PRO/1000 Network Driver - version 7.3.21-k8-NAPI
[    1.824912] e1000: Copyright (c) 1999-2006 Intel Corporation.
[    1.838700] Fusion MPT SPI Host driver 3.04.20
[    1.854002] AVX2 version of gcm_enc/dec engaged.
[    1.855873] AES CTR mode by8 optimization enabled
[    2.047199] input: ImExPS/2 Generic Explorer Mouse as /devices/platform/i8042/serio1/input/input4
[    2.260180] e1000 0000:00:03.0 eth0: (PCI:33MHz:32-bit) 02:11:c2:af:aa:45
[    2.262222] e1000 0000:00:03.0 eth0: Intel(R) PRO/1000 Network Connection
[    2.265333] mptbase: ioc0: Initiating bringup
[    2.266192] e1000 0000:00:03.0 enp0s3: renamed from eth0
[    2.671874] ioc0: LSI53C1030 A0: Capabilities={Initiator}
[    3.618517] scsi host2: ioc0: LSI53C1030 A0, FwRev=00000000h, Ports=1, MaxQ=256, IRQ=20
[    3.794633] scsi 2:0:0:0: Direct-Access     VBOX     HARDDISK         1.0  PQ: 0 ANSI: 5
[    3.797482] scsi target2:0:0: Beginning Domain Validation
[    3.802458] scsi target2:0:0: Domain Validation skipping write tests
[    3.804404] scsi target2:0:0: Ending Domain Validation
[    3.806118] scsi target2:0:0: asynchronous
[    3.808676] scsi 2:0:1:0: Direct-Access     VBOX     HARDDISK         1.0  PQ: 0 ANSI: 5
[    3.811342] scsi target2:0:1: Beginning Domain Validation
[    3.816020] scsi target2:0:1: Domain Validation skipping write tests
[    3.817895] scsi target2:0:1: Ending Domain Validation
[    3.819644] scsi target2:0:1: asynchronous
[    3.828347] sd 2:0:0:0: [sda] 20971520 512-byte logical blocks: (10.7 GB/10.0 GiB)
[    3.828537] sd 2:0:0:0: Attached scsi generic sg0 type 0
[    3.851706] sd 2:0:1:0: Attached scsi generic sg1 type 0
[    3.853751] sd 2:0:1:0: [sdb] 20480 512-byte logical blocks: (10.5 MB/10.0 MiB)
[    3.853932] sd 2:0:0:0: [sda] Write Protect is off
[    3.854080] sd 2:0:0:0: [sda] Incomplete mode parameter data
[    3.854082] sd 2:0:0:0: [sda] Assuming drive cache: write through
[    3.862568] sd 2:0:1:0: [sdb] Write Protect is off
[    3.864688] sd 2:0:1:0: [sdb] Incomplete mode parameter data
[    3.866644] sd 2:0:1:0: [sdb] Assuming drive cache: write through
[    3.894020]  sda: sda1
[    3.897091] sd 2:0:0:0: [sda] Attached SCSI disk
[    3.924871] sd 2:0:1:0: [sdb] Attached SCSI disk
Begin: Loading essential drivers ... [    5.632211] md: linear personality registered for level -1
[    5.637293] md: multipath personality registered for level -4
[    5.642227] md: raid0 personality registered for level 0
[    5.649122] md: raid1 personality registered for level 1
[    5.722991] raid6: sse2x1   gen()  7813 MB/s
[    5.791275] raid6: sse2x1   xor()  5758 MB/s
[    5.859120] raid6: sse2x2   gen()  9489 MB/s
[    5.927433] raid6: sse2x2   xor()  6666 MB/s
[    5.995271] raid6: sse2x4   gen() 10306 MB/s
[    6.063097] raid6: sse2x4   xor()  7468 MB/s
[    6.131430] raid6: avx2x1   gen() 15673 MB/s
[    6.199234] raid6: avx2x2   gen() 17541 MB/s
[    6.267079] raid6: avx2x4   gen() 19497 MB/s
[    6.268563] raid6: using algorithm avx2x4 gen() 19497 MB/s
[    6.270653] raid6: using avx2x2 recovery algorithm
[    6.274061] xor: automatically using best checksumming function:
[    6.315363]    avx       : 15845.000 MB/sec
[    6.318542] async_tx: api initialized (async)
[    6.333895] md: raid6 personality registered for level 6
[    6.335685] md: raid5 personality registered for level 5
[    6.337440] md: raid4 personality registered for level 4
[    6.348002] md: raid10 personality registered for level 10
done.
Begin: Running /scripts/init-premount ... done.
Begin: Mounting root file system ... Begin: Running /scripts/local-top ... done.
Begin: Running /scripts/local-premount ... [    6.392239] Btrfs loaded
Scanning for Btrfs filesystems
done.
Warning: fsck not present, so skipping root file system
[    6.453538] EXT4-fs (sda1): mounted filesystem with ordered data mode. Opts: (null)
done.
Begin: Running /scripts/local-bottom ... done.
Begin: Running /scripts/init-bottom ... done.
[    7.262416] random: nonblocking pool is initialized
[    7.523977] systemd[1]: systemd 229 running in system mode. (+PAM +AUDIT +SELINUX +IMA +APPARMOR +SMACK +SYSVINIT +UTMP +LIBCRYPTSETUP +GCRYPT +GNUTLS +ACL +XZ -LZ4 +SECCOMP +BLKID +ELFUTILS +KMOD -IDN)
[    7.529508] systemd[1]: Detected virtualization oracle.
[    7.531231] systemd[1]: Detected architecture x86-64.

Welcome to [1mUbuntu 16.04.6 LTS[0m!

[    7.564010] systemd[1]: Set hostname to <ubuntu-xenial>.
[    8.400444] systemd[1]: Listening on Journal Socket.
[[0;32m  OK  [0m] Listening on Journal Socket.
[    8.411619] systemd[1]: Listening on Syslog Socket.
[[0;32m  OK  [0m] Listening on Syslog Socket.
[    8.414378] systemd[1]: Started Trigger resolvconf update for networkd DNS.
[[0;32m  OK  [0m] Started Trigger resolvconf update for networkd DNS.
[    8.417686] systemd[1]: Started Forward Password Requests to Wall Directory Watch.
[[0;32m  OK  [0m] Started Forward Password Requests to Wall Directory Watch.
[    8.421889] systemd[1]: Created slice System Slice.
[[0;32m  OK  [0m] Created slice System Slice.
[    8.435409] systemd[1]: Mounting POSIX Message Queue File System...
         Mounting POSIX Message Queue File System...
[    8.439330] systemd[1]: Starting Nameserver information manager...
         Starting Nameserver information manager...
[    8.448409] systemd[1]: Starting Uncomplicated firewall...
         Starting Uncomplicated firewall...
[    8.451930] systemd[1]: Starting Create list of required static device nodes for the current kernel...
         Starting Create list of required st... nodes for the current kernel...
[    8.464756] systemd[1]: Mounting Huge Pages File System...
         Mounting Huge Pages File System...
[    8.468279] systemd[1]: Starting Remount Root and Kernel File Systems...
         Starting Remount Root and Kernel File Systems...
[    8.480176] systemd[1]: Starting Set console keymap...
         Starting Set console keymap...
[    8.483816] systemd[1]: Reached target User and Group Name Lookups.
[[0;32m  OK  [0m] Reached target User and Group Name Lookups.
[    8.491745] systemd[1]: Listening on Journal Audit Socket.
[[0;32m  OK  [0m] Listening on Journal Audit Socket.
[    8.499632] systemd[1]: Listening on Journal Socket (/dev/log).
[[0;32m  OK  [0m] Listening on Journal Socket (/dev/log).
[    8.507766] systemd[1]: Created slice system-postgresql.slice.
[[0;32m  OK  [0m] Created slice system-postgresql.slice.
[    8.515549] systemd[1]: Set up automount Arbitrary Executable File Formats File System Automount Point.
[[0;32m  OK  [0m] Set up automount Arbitrary Executab...ats File System Automount Point.
[    8.522067] systemd[1]: Listening on LVM2 metadata daemon socket.
[[0;32m  OK  [0m] Listening on LVM2 metadata daemon socket.
[    8.525153] systemd[1]: Listening on udev Control Socket.
[[0;32m  OK  [0m] Listening on udev Control Socket.
[    8.527905] systemd[1]: Reached target Encrypted Volumes.
[[0;32m  OK  [0m] Reached target Encrypted Volumes.
[    8.536233] systemd[1]: Created slice system-serial\x2dgetty.slice.
[[0;32m  OK  [0m] Created slice system-serial\x2dgetty.slice.
[    8.551813] systemd[1]: Starting Journal Service...
         Starting Journal Service...
[    8.559866] systemd[1]: Reached target Swap.
[[0;32m  OK  [0m] Reached target Swap.
[    8.563160] EXT4-fs (sda1): re-mounted. Opts: (null)
[    8.563191] systemd[1]: Listening on udev Kernel Socket.
[[0;32m  OK  [0m] Listening on udev Kernel Socket.
[    8.567622] systemd[1]: Listening on Device-mapper event daemon FIFOs.
[[0;32m  OK  [0m] Listening on Device-mapper event daemon FIFOs.
[    8.571534] systemd[1]: Starting Monitoring of LVM2 mirrors, snapshots etc. using dmeventd or progress polling...
         Starting Monitoring of LVM2 mirrors... dmeventd or progress polling...
[    8.596680] systemd[1]: Starting Load Kernel Modules...
         Starting Load Kernel Modules...
[    8.599377] systemd[1]: Listening on /dev/initctl Compatibility Named Pipe.
[[0;32m  OK  [0m] Listening on /dev/initctl Compatibility Named Pipe.
[    8.602777] systemd[1]: Listening on LVM2 poll daemon socket.
[[0;32m  OK  [0m] Listening on LVM2 poll daemon socket.
[    8.606052] systemd[1]: Created slice User and Session Slice.
[[0;32m  OK  [0m] Created slice User and Session Slice.
[    8.608945] systemd[1]: Reached target Slices.
[[0;32m  OK  [0m] Reached target Slices.
[    8.611413] systemd[1]: Reached target System Time Synchronized.
[[0;32m  OK  [0m] Reached target System Time Synchronized.
[    8.639889] systemd[1]: Mounting Debug File System...
         Mounting Debug File System...
[    8.649092] systemd[1]: Mounted Debug File System.
[[0;32m  OK  [0m] Mounted Debug File System.
[    8.651630] systemd[1]: Mounted POSIX Message Queue File System.
[[0;32m  OK  [0m] Mounted POSIX Message Queue File System.
[    8.654637] systemd[1]: Mounted Huge Pages File System.
[[0;32m  OK  [0m] Mounted Huge Pages File System.
[    8.664378] systemd[1]: Started Uncomplicated firewall.
[[0;32m  OK  [0m] Started Uncomplicated firewall.
[    8.672352] systemd[1]: Started Create list of required static device nodes for the current kernel.
[[0;32m  OK  [0m] Started Create list of required sta...ce nodes for the current kernel.
[    8.684182] systemd[1]: Started Remount Root and Kernel File Systems.
[[0;32m  OK  [0m] Started Remount Root and Kernel File Systems.
[    8.699497] systemd[1]: Started Nameserver information manager.
[[0;32m  OK  [0m] Started Nameserver information manager.
[    8.707552] Loading iSCSI transport class v2.0-870.
[    8.754939] systemd[1]: Started Set console keymap.
[[0;32m  OK  [0m] Started Set console keymap.
[    8.791227] systemd[1]: Starting Load/Save Random Seed...
         Starting Load/Save Random Seed...
[    8.797097] iscsi: registered transport (tcp)
[    8.799712] systemd[1]: Starting udev Coldplug all Devices...
         Starting udev Coldplug all Devices...
[    8.803239] systemd[1]: Starting Create Static Device Nodes in /dev...
         Starting Create Static Device Nodes in /dev...
[    8.826830] systemd[1]: Started Load/Save Random Seed.
[[0;32m  OK  [0m] Started Load/Save Random Seed.
[    8.855746] systemd[1]: Started LVM2 metadata daemon.
[[0;32m  OK  [0m] Started LVM2 metadata daemon.
[    8.859330] systemd[1]: Started Journal Service.
[[0;32m  OK  [0m] Started Journal Service.
         Starting Flush Journal to Persistent Storage...
[[0;32m  OK  [0m] Started udev Coldplug all Devices.
[    8.946694] systemd-journald[405]: Received request to flush runtime journal from PID 1
[[0;32m  OK  [0m] Started Flush Journal to Persistent Storage.
[    9.171727] iscsi: registered transport (iser)
[[0;32m  OK  [0m] Started Load Kernel Modules.
         Mounting FUSE Control File System...
         Starting Apply Kernel Variables...
[[0;32m  OK  [0m] Mounted FUSE Control File System.
[[0;32m  OK  [0m] Started Create Static Device Nodes in /dev.
[[0;32m  OK  [0m] Started Apply Kernel Variables.
         Starting udev Kernel Device Manager...
[[0;32m  OK  [0m] Started Monitoring of LVM2 mirrors,...ng dmeventd or progress polling.
[[0;32m  OK  [0m] Started udev Kernel Device Manager.
[[0;32m  OK  [0m] Started Dispatch Password Requests to Console Directory Watch.
[[0;32m  OK  [0m] Reached target Local File Systems (Pre).
[[0;32m  OK  [0m] Reached target Local File Systems.
         Starting Initial cloud-init job (pre-networking)...
         Starting Set console font and keymap...
         Starting Create Volatile Files and Directories...
         Starting LSB: AppArmor initialization...
         Starting Tell Plymouth To Write Out Runtime Data...
[[0;32m  OK  [0m] Found device /dev/ttyS0.
[[0;32m  OK  [0m] Started Tell Plymouth To Write Out Runtime Data.
[[0;32m  OK  [0m] Listening on Load/Save RF Kill Switch Status /dev/rfkill Watch.
[[0;32m  OK  [0m] Started Create Volatile Files and Directories.
         Starting Update UTMP about System Boot/Shutdown...
[[0;32m  OK  [0m] Found device 82540EM Gigabit Ethern...r (PRO/1000 MT Desktop Adapter).
[[0;32m  OK  [0m] Started Update UTMP about System Boot/Shutdown.
[[0;32m  OK  [0m] Started LSB: AppArmor initialization.
[[0;32m  OK  [0m] Started Set console font and keymap.
[[0;32m  OK  [0m] Created slice system-getty.slice.
[   12.970971] cloud-init[494]: Cloud-init v. 18.5-45-g3554ffe8-0ubuntu1~16.04.1 running 'init-local' at Tue, 30 Jul 2019 19:14:30 +0000. Up 12.25 seconds.
[[0;32m  OK  [0m] Started Initial cloud-init job (pre-networking).
[[0;32m  OK  [0m] Reached target Network (Pre).
[[0;32m  OK  [0m] Started ifup for enp0s3.
         Starting Raise network interfaces...
[[0;32m  OK  [0m] Started Raise network interfaces.
[[0;32m  OK  [0m] Reached target Network.
         Starting Initial cloud-init job (metadata service crawler)...
[   14.496317] cloud-init[984]: Cloud-init v. 18.5-45-g3554ffe8-0ubuntu1~16.04.1 running 'init' at Tue, 30 Jul 2019 19:14:32 +0000. Up 13.82 seconds.
[   14.498305] cloud-init[984]: ci-info: ++++++++++++++++++++++++++++++++++++++Net device info++++++++++++++++++++++++++++++++++++++
[   14.500075] cloud-init[984]: ci-info: +--------+------+----------------------------+---------------+--------+-------------------+
[   14.508789] cloud-init[984]: ci-info: | Device |  Up  |          Address           |      Mask     | Scope  |     Hw-Address    |
[   14.516573] cloud-init[984]: ci-info: +--------+------+----------------------------+---------------+--------+-------------------+
[   14.529289] cloud-init[984]: ci-info: | enp0s3 | True |         10.0.2.15          | 255.255.255.0 | global | 02:11:c2:af:aa:45 |
[   14.531139] cloud-init[984]: ci-info: | enp0s3 | True | fe80::11:c2ff:feaf:aa45/64 |       .       |  link  | 02:11:c2:af:aa:45 |
[   14.532816] cloud-init[984]: ci-info: |   lo   | True |         127.0.0.1          |   255.0.0.0   |  host  |         .         |
[   14.534513] cloud-init[984]: ci-info: |   lo   | True |          ::1/128           |       .       |  host  |         .         |
[   14.536026] cloud-init[984]: ci-info: +--------+------+----------------------------+---------------+--------+-------------------+
[   14.537738] cloud-init[984]: ci-info: +++++++++++++++++++++++++++Route IPv4 info++++++++++++++++++++++++++++
[   14.544869] cloud-init[984]: ci-info: +-------+-------------+----------+---------------+-----------+-------+
[   14.552699] cloud-init[984]: ci-info: | Route | Destination | Gateway  |    Genmask    | Interface | Flags |
[   14.554472] cloud-init[984]: ci-info: +-------+-------------+----------+---------------+-----------+-------+
[   14.555890] cloud-init[984]: ci-info: |   0   |   0.0.0.0   | 10.0.2.2 |    0.0.0.0    |   enp0s3  |   UG  |
[   14.568392] cloud-init[984]: ci-info: |   1   |   10.0.2.0  | 0.0.0.0  | 255.255.255.0 |   enp0s3  |   U   |
[   14.569896] cloud-init[984]: ci-info: +-------+-------------+----------+---------------+-----------+-------+
[[0;32m  OK  [0m] Started Initial cloud-init job (metadata service crawler).
[   14.574301] cloud-init[984]: ci-info: +++++++++++++++++++Route IPv6 info+++++++++++++++++++
[   14.577559] cloud-init[984]: ci-info: +-------+-------------+---------+-----------+-------+
[   14.585123] cloud-init[984]: ci-info: | Route | Destination | Gateway | Interface | Flags |
[   14.586472] cloud-init[984]: ci-info: +-------+-------------+---------+-----------+-------+
[[0;32m  OK  [0m] Reached target System Initialization.
[   14.590158] cloud-init[984]: ci-info: |   0   |  fe80::/64  |    ::   |   enp0s3  |   U   |
[   14.598238] cloud-init[984]: ci-info: |   3   |   ff00::/8  |    ::   |   enp0s3  |   U   |
[   14.604706] cloud-init[984]: ci-info: +-------+-------------+---------+-----------+-------+
[[0;32m  OK  [0m] Started ACPI Events Check.
[[0;32m  OK  [0m] Reached target Paths.
         Starting LXD - unix socket.
[[0;32m  OK  [0m] Listening on UUID daemon activation socket.
[[0;32m  OK  [0m] Listening on D-Bus System Message Bus Socket.
[[0;32m  OK  [0m] Started Daily apt download activities.
[[0;32m  OK  [0m] Started Daily apt upgrade and clean activities.
         Starting Socket activation for snappy daemon.
[[0;32m  OK  [0m] Started Daily Cleanup of Temporary Directories.
[[0;32m  OK  [0m] Reached target Timers.
[[0;32m  OK  [0m] Listening on ACPID Listen Socket.
[[0;32m  OK  [0m] Reached target Cloud-config availability.
[[0;32m  OK  [0m] Reached target Network is Online.
         Starting iSCSI initiator daemon (iscsid)...
[[0;32m  OK  [0m] Listening on LXD - unix socket.
[[0;32m  OK  [0m] Listening on Socket activation for snappy daemon.
[[0;32m  OK  [0m] Reached target Sockets.
[[0;32m  OK  [0m] Reached target Basic System.
         Starting Accounts Service...
[[0;32m  OK  [0m] Started ACPI event daemon.
         Starting LSB: MD monitoring daemon...
         Starting System Logging Service...
         Starting Login Service...
[[0;32m  OK  [0m] Started D-Bus System Message Bus.
         Starting /etc/rc.local Compatibility...
[[0;32m  OK  [0m] Started Unattended Upgrades Shutdown.
[[0;32m  OK  [0m] Started FUSE filesystem for LXC.
[[0;32m  OK  [0m] Started Deferred execution scheduler.
[[0;32m  OK  [0m] Started Regular background program processing daemon.
         Starting LSB: Record successful boot for GRUB...
         Starting PostgreSQL Cluster 9.5-main...
         Starting OpenBSD Secure Shell server...
         Starting Virtualbox guest utils...
         Starting Snappy daemon...
         Starting LXD - container startup/shutdown...
[[0;32m  OK  [0m] Started System Logging Service.
[[0;32m  OK  [0m] Started iSCSI initiator daemon (iscsid).
[[0;32m  OK  [0m] Started /etc/rc.local Compatibility.
[[0;32m  OK  [0m] Started Login Service.
         Starting Authenticate and Authorize Users to Run Privileged Tasks...
         Starting Login to default iSCSI targets...
[[0;32m  OK  [0m] Started LSB: MD monitoring daemon.
[[0;32m  OK  [0m] Started LSB: Record successful boot for GRUB.
[[0;32m  OK  [0m] Started Login to default iSCSI targets.
[[0;32m  OK  [0m] Reached target Remote File Systems (Pre).
[[0;32m  OK  [0m] Reached target Remote File Systems.
         Starting LSB: Set the CPU Frequency Scaling governor to "ondemand"...
         Starting LSB: automatic crash report generation...
         Starting LSB: Start/stop sysstat's sadc...
         Starting Permit User Sessions...
         Starting LSB: daemon to balance interrupts for SMP systems...
[[0;32m  OK  [0m] Started LSB: Set the CPU Frequency Scaling governor to "ondemand".
[[0;32m  OK  [0m] Started Permit User Sessions.
         Starting Terminate Plymouth Boot Screen...
         Starting Hold until boot process finishes up...
[[0;32m  OK  [0m] Started Hold until boot process finishes up.
[[0;32m  OK  [0m] Started Terminate Plymouth Boot Screen.
[[0;32m  OK  [0m] Started LSB: Start/stop sysstat's sadc.
         Starting Set console scheme...
[[0;32m  OK  [0m] Started Serial Getty on ttyS0.
[[0;32m  OK  [0m] Started Getty on tty1.
[[0;32m  OK  [0m] Reached target Login Prompts.
[[0;32m  OK  [0m] Started LSB: daemon to balance interrupts for SMP systems.
[[0;32m  OK  [0m] Started Authenticate and Authorize Users to Run Privileged Tasks.
[[0;32m  OK  [0m] Started Set console scheme.
[[0;32m  OK  [0m] Started Accounts Service.
[[0;32m  OK  [0m] Started LSB: automatic crash report generation.
[[0;32m  OK  [0m] Started OpenBSD Secure Shell server.
[[0;32m  OK  [0m] Started Virtualbox guest utils.
[[0;32m  OK  [0m] Started Snappy daemon.
         Starting Wait until snapd is fully seeded...
[[0;32m  OK  [0m] Started Wait until snapd is fully seeded.
         Starting Apply the settings specified in cloud-config...
[[0;32m  OK  [0m] Started LXD - container startup/shutdown.
[   18.178276] cloud-init[1238]: Cloud-init v. 18.5-45-g3554ffe8-0ubuntu1~16.04.1 running 'modules:config' at Tue, 30 Jul 2019 19:14:36 +0000. Up 17.83 seconds.
[[0;32m  OK  [0m] Started Apply the settings specified in cloud-config.
[[0;32m  OK  [0m] Created slice User Slice of vagrant.
         Starting User Manager for UID 1000...
[[0;32m  OK  [0m] Started Session 1 of user vagrant.
[[0;32m  OK  [0m] Started User Manager for UID 1000.
[[0;32m  OK  [0m] Started PostgreSQL Cluster 9.5-main.
         Starting PostgreSQL RDBMS...
[[0;32m  OK  [0m] Started PostgreSQL RDBMS.
[[0;32m  OK  [0m] Reached target Multi-User System.
         Starting Execute cloud user/final scripts...
[[0;32m  OK  [0m] Reached target Graphical Interface.
         Starting Update UTMP about System Runlevel Changes...
[[0;32m  OK  [0m] Started Update UTMP about System Runlevel Changes.
[   21.299375] cloud-init[1300]: Cloud-init v. 18.5-45-g3554ffe8-0ubuntu1~16.04.1 running 'modules:final' at Tue, 30 Jul 2019 19:14:39 +0000. Up 20.87 seconds.
[   21.299674] cloud-init[1300]: Cloud-init v. 18.5-45-g3554ffe8-0ubuntu1~16.04.1 finished at Tue, 30 Jul 2019 19:14:39 +0000. Datasource DataSourceNoCloud [seed=/dev/sdb][dsmode=net].  Up 21.28 seconds

Ubuntu 16.04.6 LTS ubuntu-xenial ttyS0

ubuntu-xenial login: [[0;32m  OK  [0m] Stopped target Timers.
[[0;32m  OK  [0m] Stopped Daily Cleanup of Temporary Directories.
         Stopping ACPI event daemon...
         Stopping Session 4 of user vagrant.
[[0;32m  OK  [0m] Stopped Daily apt upgrade and clean activities.
         Stopping Authenticate and Authorize Users to Run Privileged Tasks...
[[0;32m  OK  [0m] Closed Load/Save RF Kill Switch Status /dev/rfkill Watch.
[[0;32m  OK  [0m] Stopped Daily apt download activities.
[[0;32m  OK  [0m] Stopped target System Time Synchronized.
[[0;32m  OK  [0m] Stopped target Cloud-init target.
[[0;32m  OK  [0m] Stopped Execute cloud user/final scripts.
[[0;32m  OK  [0m] Stopped Apply the settings specified in cloud-config.
[[0;32m  OK  [0m] Stopped target Cloud-config availability.
         Stopping User Manager for UID 1000...
[[0;32m  OK  [0m] Stopped target Graphical Interface.
         Stopping Accounts Service...
[[0;32m  OK  [0m] Stopped target Multi-User System.
         Stopping FUSE filesystem for LXC...
[[0;32m  OK  [0m] Stopped target Login Prompts.
         Stopping Serial Getty on ttyS0...
         Stopping Getty on tty1...
         Stopping LSB: Set the CPU Frequency Scaling governor to "ondemand"...
[[0;32m  OK  [0m] Stopped PostgreSQL RDBMS.
         Stopping PostgreSQL Cluster 9.5-main...
         Stopping LSB: MD monitoring daemon...
         Stopping D-Bus System Message Bus...
         Stopping LSB: daemon to balance interrupts for SMP systems...
         Stopping Virtualbox guest utils...
         Stopping LSB: Start/stop sysstat's sadc...
         Stopping Unattended Upgrades Shutdown...
[[0;32m  OK  [0m] Stopped Wait until snapd is fully seeded.
         Stopping System Logging Service...
         Stopping Deferred execution scheduler...
         Stopping LXD - container startup/shutdown...
         Stopping OpenBSD Secure Shell server...
         Stopping LSB: automatic crash report generation...
         Stopping LSB: Record successful boot for GRUB...
         Stopping Regular background program processing daemon...
[[0;32m  OK  [0m] Unmounted /var/lib/lxcfs.
[[0;32m  OK  [0m] Stopped Accounts Service.
[[0;32m  OK  [0m] Stopped ACPI event daemon.
[[0;32m  OK  [0m] Stopped System Logging Service.
[[0;32m  OK  [0m] Stopped Deferred execution scheduler.
[[0;32m  OK  [0m] Stopped Regular background program processing daemon.
[[0;32m  OK  [0m] Stopped Authenticate and Authorize Users to Run Privileged Tasks.
[[0;32m  OK  [0m] Stopped Serial Getty on ttyS0.
[[0;32m  OK  [0m] Stopped Getty on tty1.
[[0;32m  OK  [0m] Stopped OpenBSD Secure Shell server.
[[0;32m  OK  [0m] Stopped User Manager for UID 1000.
[[0;32m  OK  [0m] Stopped Session 4 of user vagrant.
[[0;32m  OK  [0m] Stopped D-Bus System Message Bus.
[[0;32m  OK  [0m] Stopped Unattended Upgrades Shutdown.
[[0;32m  OK  [0m] Stopped FUSE filesystem for LXC.
[[0;32m  OK  [0m] Stopped LSB: Set the CPU Frequency Scaling governor to "ondemand".
[[0;32m  OK  [0m] Stopped LSB: MD monitoring daemon.
[[0;32m  OK  [0m] Stopped LSB: daemon to balance interrupts for SMP systems.
[[0;32m  OK  [0m] Stopped LSB: Start/stop sysstat's sadc.
[[0;32m  OK  [0m] Stopped LSB: automatic crash report generation.
[[0;32m  OK  [0m] Stopped Virtualbox guest utils.
[[0;32m  OK  [0m] Stopped LSB: Record successful boot for GRUB.
[[0;32m  OK  [0m] Stopped LXD - container startup/shutdown.
[[0;32m  OK  [0m] Removed slice User Slice of vagrant.
         Stopping Login Service...
[[0;32m  OK  [0m] Removed slice system-getty.slice.
         Stopping Permit User Sessions...
[[0;32m  OK  [0m] Removed slice system-serial\x2dgetty.slice.
[[0;32m  OK  [0m] Stopped /etc/rc.local Compatibility.
[[0;32m  OK  [0m] Stopped Permit User Sessions.
[[0;32m  OK  [0m] Stopped target Remote File Systems.
[[0;32m  OK  [0m] Stopped target Remote File Systems (Pre).
         Stopping Login to default iSCSI targets...
[[0;32m  OK  [0m] Stopped Login Service.
[[0;32m  OK  [0m] Stopped target User and Group Name Lookups.
[[0;32m  OK  [0m] Stopped Login to default iSCSI targets.
         Stopping iSCSI initiator daemon (iscsid)...
[[0;32m  OK  [0m] Stopped iSCSI initiator daemon (iscsid).
[[0;32m  OK  [0m] Stopped target Network is Online.
[[0;32m  OK  [0m] Stopped target Network.
[[0;32m  OK  [0m] Stopped PostgreSQL Cluster 9.5-main.
[[0;32m  OK  [0m] Stopped target Basic System.
[[0;32m  OK  [0m] Stopped target Slices.
[[0;32m  OK  [0m] Removed slice User and Session Slice.
[[0;32m  OK  [0m] Stopped target Sockets.
[[0;32m  OK  [0m] Closed Syslog Socket.
[[0;32m  OK  [0m] Closed Socket activation for snappy daemon.
[[0;32m  OK  [0m] Closed ACPID Listen Socket.
[[0;32m  OK  [0m] Closed UUID daemon activation socket.
[[0;32m  OK  [0m] Closed D-Bus System Message Bus Socket.
[[0;32m  OK  [0m] Closed LXD - unix socket.
[[0;32m  OK  [0m] Stopped target Paths.
[[0;32m  OK  [0m] Stopped ACPI Events Check.
[[0;32m  OK  [0m] Stopped Dispatch Password Requests to Console Directory Watch.
[[0;32m  OK  [0m] Stopped Forward Password Requests to Wall Directory Watch.
[[0;32m  OK  [0m] Removed slice system-postgresql.slice.
[[0;32m  OK  [0m] Stopped target System Initialization.
         Stopping Load/Save Random Seed...
[[0;32m  OK  [0m] Stopped Initial cloud-init job (metadata service crawler).
         Stopping Raise network interfaces...
[[0;32m  OK  [0m] Stopped target Encrypted Volumes.
         Stopping Update UTMP about System Boot/Shutdown...
[[0;32m  OK  [0m] Stopped target Swap.
[[0;32m  OK  [0m] Stopped Load/Save Random Seed.
[[0;32m  OK  [0m] Stopped Update UTMP about System Boot/Shutdown.
[[0;32m  OK  [0m] Stopped Create Volatile Files and Directories.
[[0;32m  OK  [0m] Stopped Raise network interfaces.
[[0;32m  OK  [0m] Stopped target Local File Systems.
         Unmounting /vagrant...
         Unmounting /run/user/1000...
[[0;32m  OK  [0m] Stopped target Network (Pre).
[[0;32m  OK  [0m] Stopped Initial cloud-init job (pre-networking).
[[0;32m  OK  [0m] Stopped Apply Kernel Variables.
[[0;32m  OK  [0m] Stopped Load Kernel Modules.
[[0;32m  OK  [0m] Unmounted /vagrant.
[[0;32m  OK  [0m] Unmounted /run/user/1000.
[[0;32m  OK  [0m] Reached target Unmount All Filesystems.
[[0;32m  OK  [0m] Stopped target Local File Systems (Pre).
[[0;32m  OK  [0m] Stopped Create Static Device Nodes in /dev.
[[0;32m  OK  [0m] Stopped Remount Root and Kernel File Systems.
[[0;32m  OK  [0m] Reached target Shutdown.
[ 2492.249320] reboot: Power down
